// Jest Snapshot v1, https://goo.gl/fbAQLP

exports[`Login Form renders correctly 1`] = `
<div>
  <form
    className="login__form"
    onSubmit={[Function]}
  >
    <h1
      className="form__title"
    >
      Войти
    </h1>
    <div
      className="form__subtitle"
    >
      Новый пользователь? 
      <a
        className="form__link"
        href="/"
      >
        Зарегистрируйтесь
      </a>
    </div>
    <div
      className="input__group"
    >
      <div
        className="MuiFormControl-root MuiFormControl-fullWidth"
      >
        <label
          className="MuiFormLabel-root MuiInputLabel-root MuiInputLabel-formControl MuiInputLabel-animated"
          data-shrink={false}
          htmlFor="login"
        >
          Login:
        </label>
        <div
          className="MuiInputBase-root MuiInput-root MuiInput-underline MuiInputBase-formControl MuiInput-formControl"
          onClick={[Function]}
        >
          <input
            aria-invalid={false}
            className="MuiInputBase-input MuiInput-input"
            data-testid="login-field"
            disabled={false}
            id="login"
            name="login"
            onAnimationStart={[Function]}
            onBlur={[Function]}
            onChange={[Function]}
            onFocus={[Function]}
            placeholder="Логин"
            required={false}
            type="text"
            value=""
          />
        </div>
      </div>
    </div>
    <div
      className="input__group"
    >
      <div
        className="MuiFormControl-root MuiFormControl-fullWidth"
      >
        <label
          className="MuiFormLabel-root MuiInputLabel-root MuiInputLabel-formControl MuiInputLabel-animated"
          data-shrink={false}
          htmlFor="password"
        >
          Password:
        </label>
        <div
          className="MuiInputBase-root MuiInput-root MuiInput-underline MuiInputBase-formControl MuiInput-formControl"
          onClick={[Function]}
        >
          <input
            aria-invalid={false}
            className="MuiInputBase-input MuiInput-input"
            data-testid="password-field"
            disabled={false}
            id="password"
            name="password"
            onAnimationStart={[Function]}
            onBlur={[Function]}
            onChange={[Function]}
            onFocus={[Function]}
            placeholder="Пароль"
            required={false}
            type="password"
            value=""
          />
        </div>
      </div>
    </div>
    
    <div
      className="button__group"
    >
      <button
        className="MuiButtonBase-root MuiButton-root MuiButton-contained MuiButton-containedPrimary"
        data-testid="submit-button"
        disabled={false}
        onBlur={[Function]}
        onDragLeave={[Function]}
        onFocus={[Function]}
        onKeyDown={[Function]}
        onKeyUp={[Function]}
        onMouseDown={[Function]}
        onMouseLeave={[Function]}
        onMouseUp={[Function]}
        onTouchEnd={[Function]}
        onTouchMove={[Function]}
        onTouchStart={[Function]}
        tabIndex={0}
        type="submit"
      >
        <span
          className="MuiButton-label"
        >
          Войти
        </span>
      </button>
    </div>
  </form>
</div>
`;
